::1 - - [04/Oct/2026 12:23:12] "GET /index.html HTTP/1.1" 200 -
::1 - - [04/Oct/2026 12:23:15] "GET /index.html HTTP/1.1" 200 -
::1 - - [04/Oct/2026 19:57:31] "GET / HTTP/1.1" 200 -
::1 - - [04/Oct/2026 19:57:31] "GET /style.css HTTP/1.1" 200 -
::ffff:127.0.0.1 - - [04/Oct/2026 20:02:53] "GET /ab-vergelijken.html HTTP/1.1" 200 -
::ffff:127.0.0.1 - - [04/Oct/2026 20:02:53] "GET /index.html?embed=1 HTTP/1.1" 200 -
::ffff:127.0.0.1 - - [04/Oct/2026 20:02:53] "GET /style.css HTTP/1.1" 200 -
::ffff:127.0.0.1 - - [04/Oct/2026 20:02:53] "GET /index-b.html?embed=1 HTTP/1.1" 200 -
::ffff:127.0.0.1 - - [04/Oct/2026 20:02:58] "GET /index-b.html?embed=1 HTTP/1.1" 200 -
::ffff:127.0.0.1 - - [04/Oct/2026 20:02:58] "GET /style.css HTTP/1.1" 304 -
::1 - - [04/Oct/2026 20:03:27] "GET /index.html HTTP/1.1" 200 -
::1 - - [04/Oct/2026 20:03:27] "GET /index-b.html HTTP/1.1" 200 -
::1 - - [04/Oct/2026 20:03:27] "GET /ab-vergelijken.html HTTP/1.1" 200 -
::1 - - [04/Oct/2026 20:03:28] "GET /api-handleiding.html HTTP/1.1" 200 -
::1 - - [04/Oct/2026 20:04:23] "GET /ab-vergelijken.html HTTP/1.1" 200 -
::1 - - [04/Oct/2026 20:04:23] "GET /index.html?embed=1 HTTP/1.1" 200 -
::1 - - [04/Oct/2026 20:04:23] "GET /index-b.html?embed=1 HTTP/1.1" 200 -
::1 - - [04/Oct/2026 20:06:57] "GET /index-b.html?embed=1 HTTP/1.1" 200 -
::1 - - [04/Oct/2026 20:06:57] "GET /style.css HTTP/1.1" 200 -
::1 - - [04/Oct/2026 20:07:28] "GET /index-b.html?embed=1 HTTP/1.1" 200 -
::1 - - [04/Oct/2026 20:07:28] "GET /style.css?v=3 HTTP/1.1" 200 -
::1 - - [04/Oct/2026 20:16:31] "GET /ab-vergelijken.html HTTP/1.1" 304 -
::1 - - [04/Oct/2026 20:16:31] "GET /index.html?embed=1 HTTP/1.1" 200 -
::1 - - [04/Oct/2026 20:16:31] "GET /index-b.html?embed=1 HTTP/1.1" 200 -
::1 - - [04/Oct/2026 20:16:31] "GET /style.css?v=3 HTTP/1.1" 200 -
::1 - - [04/Oct/2026 20:17:57] "GET /index.html HTTP/1.1" 200 -
::1 - - [04/Oct/2026 20:17:57] "GET /style.css?v=3 HTTP/1.1" 200 -
::1 - - [04/Oct/2026 20:18:35] "GET /index.html HTTP/1.1" 200 -
::1 - - [04/Oct/2026 20:18:35] "GET /style.css?v=3 HTTP/1.1" 200 -
::1 - - [04/Oct/2026 20:18:53] "GET /index.html HTTP/1.1" 200 -
::1 - - [04/Oct/2026 20:18:53] code 404, message File not found
::1 - - [04/Oct/2026 20:18:53] "GET /index-b.html HTTP/1.1" 404 -
::1 - - [04/Oct/2026 20:18:53] code 404, message File not found
::1 - - [04/Oct/2026 20:18:53] "GET /ab-vergelijken.html HTTP/1.1" 404 -
::1 - - [04/Oct/2026 20:18:53] "GET /api-handleiding.html HTTP/1.1" 200 -
::1 - - [04/Oct/2026 20:19:45] "GET /index.html HTTP/1.1" 200 -
::1 - - [04/Oct/2026 21:59:27] "GET / HTTP/1.1" 200 -
::1 - - [04/Oct/2026 21:59:27] "GET /style.css?v=3 HTTP/1.1" 200 -
